
Discarded input sections

 .text          0x00000000        0x0 bankswitch.o
 .data          0x00000000        0x0 bankswitch.o
 .bss           0x00000000        0x0 bankswitch.o
 .text          0x00000000        0x0 flash.o
 .data          0x00000000        0x0 flash.o
 .bss           0x00000000        0x0 flash.o

Memory Configuration

Name             Origin             Length             Attributes
boot             0x00000000         0x00000200         xr
flash            0x00001000         0x00007000         xr
ramdata          0x40001000         0x00000100
ram              0x40000100         0x00000300
ram_iar          0x40001fe0         0x00000020
*default*        0x00000000         0xffffffff

Linker script and memory map

LOAD bankswitch.o
LOAD flash.o
START GROUP
LOAD /home/cdw/bin/arm-2010q1/bin/../lib/gcc/arm-none-eabi/4.4.1/libgcc.a
LOAD /home/cdw/bin/arm-2010q1/bin/../lib/gcc/arm-none-eabi/4.4.1/../../../../arm-none-eabi/lib/libc.a
END GROUP
                0x40001fdc                _stack_end = 0x40001fdc

.bootcode       0x00000000       0x6c
                0x00000000                . = 0x0
                0x00000000                _sboot = .
 *(.boot)
 .boot          0x00000000       0x6c bankswitch.o
                0x00000000                _startup
                0x0000006c                . = ALIGN (0x4)
                0x0000006c                _eboot = .

.reloc0         0x40000100      0x1c8 load address 0x00000100
                0x40000100                . = ALIGN (0x4)
                0x40000100                _sreloc0 = .
 *(.bankcode)
 .bankcode      0x40000100      0x130 bankswitch.o
                0x40000100                _main
 *(.rodata*)
 .rodata        0x40000230       0x20 bankswitch.o
 *(.text*)
 .text.FLASH_Main
                0x40000250       0x78 flash.o
                0x40000250                FLASH_Main
 *(.data)
                0x400002c8                . = ALIGN (0x4)
                0x400002c8                _ereloc0 = .

.glue_7         0x400002c8        0x0 load address 0x000002c8
 .glue_7        0x00000000        0x0 linker stubs

.glue_7t        0x400002c8        0x0 load address 0x000002c8
 .glue_7t       0x00000000        0x0 linker stubs

.vfp11_veneer   0x400002c8        0x0 load address 0x000002c8
 .vfp11_veneer  0x00000000        0x0 linker stubs

.v4_bx          0x400002c8        0x0 load address 0x000002c8
 .v4_bx         0x00000000        0x0 linker stubs

.bss            0x400002c8        0x0
                0x400002c8                _szero = .
 *(.bss)
                0x400002c8                . = ALIGN (0x4)
                0x400002c8                _ezero = .
                0x400002c8                end = .
OUTPUT(bootloader.elf elf32-littlearm)

.ARM.attributes
                0x00000000       0x2e
 .ARM.attributes
                0x00000000       0x16 bankswitch.o
 .ARM.attributes
                0x00000016       0x32 flash.o

.comment        0x00000000       0x2b
 .comment       0x00000000       0x2b flash.o
